// Jest Snapshot v1, https://goo.gl/fbAQLP

exports[`Sidebar renders correctly. 1`] = `
<div
  className="sc-bdVaJa jJLaeR"
>
  <div>
    <button
      className="sc-bwzfXH cHEHDJ"
    >
      Management Consoles
    </button>
    <ul
      className="sc-htpNat bpJQik"
    >
      <li>
        Example Link 1
      </li>
      <li>
        Example Link 2
      </li>
      <li>
        Example Link 3
      </li>
    </ul>
  </div>
  <div>
    <button
      className="sc-bwzfXH cHEHDJ"
    >
      Visit Management
    </button>
    <ul
      className="sc-htpNat bpJQik"
    >
      <li>
        Example Link 1
      </li>
      <li>
        Example Link 2
      </li>
      <li>
        Example Link 3
      </li>
    </ul>
  </div>
  <div>
    <button
      className="sc-bwzfXH cHEHDJ"
    >
      Campus Safety
    </button>
    <ul
      className="sc-htpNat bpJQik"
    >
      <li>
        Example Link 1
      </li>
      <li>
        Example Link 2
      </li>
      <li>
        Example Link 3
      </li>
    </ul>
  </div>
  <div>
    <button
      className="sc-bwzfXH cHEHDJ"
    >
      Document Management
    </button>
    <ul
      className="sc-htpNat bpJQik"
    >
      <li>
        Example Link 1
      </li>
      <li>
        Example Link 2
      </li>
      <li>
        Example Link 3
      </li>
    </ul>
  </div>
  <div>
    <button
      className="sc-bwzfXH cHEHDJ"
    >
      Applicant Missing Items
    </button>
    <ul
      className="sc-htpNat bpJQik"
    >
      <li>
        Example Link 1
      </li>
      <li>
        Example Link 2
      </li>
      <li>
        Example Link 3
      </li>
    </ul>
  </div>
  <div>
    <button
      className="sc-bwzfXH cHEHDJ"
    >
      Email Management
    </button>
    <ul
      className="sc-htpNat bpJQik"
    >
      <li>
        Example Link 1
      </li>
      <li>
        Example Link 2
      </li>
      <li>
        Example Link 3
      </li>
    </ul>
  </div>
  <div>
    <button
      className="sc-bwzfXH cHEHDJ"
    >
      Mailing Management
    </button>
    <ul
      className="sc-htpNat bpJQik"
    >
      <li>
        Example Link 1
      </li>
      <li>
        Example Link 2
      </li>
      <li>
        Example Link 3
      </li>
    </ul>
  </div>
  <div>
    <button
      className="sc-bwzfXH cHEHDJ"
    >
      Codes Management
    </button>
    <ul
      className="sc-htpNat bpJQik"
    >
      <li>
        Example Link 1
      </li>
      <li>
        Example Link 2
      </li>
      <li>
        Example Link 3
      </li>
    </ul>
  </div>
  <div>
    <button
      className="sc-bwzfXH cHEHDJ"
    >
      Report Tools
    </button>
    <ul
      className="sc-htpNat bpJQik"
    >
      <li>
        Example Link 1
      </li>
      <li>
        Example Link 2
      </li>
      <li>
        Example Link 3
      </li>
    </ul>
  </div>
  <div>
    <button
      className="sc-bwzfXH cHEHDJ"
    >
      Portal Management
    </button>
    <ul
      className="sc-htpNat bpJQik"
    >
      <li>
        Example Link 1
      </li>
      <li>
        Example Link 2
      </li>
      <li>
        Example Link 3
      </li>
    </ul>
  </div>
  <div>
    <button
      className="sc-bwzfXH cHEHDJ"
    >
      Data Imports & Exports
    </button>
    <ul
      className="sc-htpNat bpJQik"
    >
      <li>
        Example Link 1
      </li>
      <li>
        Example Link 2
      </li>
      <li>
        Example Link 3
      </li>
    </ul>
  </div>
  <div>
    <button
      className="sc-bwzfXH cHEHDJ"
    >
      System Management
    </button>
    <ul
      className="sc-htpNat bpJQik"
    >
      <li>
        Example Link 1
      </li>
      <li>
        Example Link 2
      </li>
      <li>
        Example Link 3
      </li>
    </ul>
  </div>
  <div>
    <button
      className="sc-bwzfXH cHEHDJ"
    >
      AdmissionPros Only
    </button>
    <ul
      className="sc-htpNat bpJQik"
    >
      <li>
        Example Link 1
      </li>
      <li>
        Example Link 2
      </li>
      <li>
        Example Link 3
      </li>
    </ul>
  </div>
</div>
`;
